Analysis & Synthesis report for top
Thu Aug 24 16:24:24 2023
Quartus II 64-Bit Version 13.1.0 Build 162 10/23/2013 SJ Web Edition


---------------------
; Table of Contents ;
---------------------
  1. Legal Notice
  2. Analysis & Synthesis Summary
  3. Analysis & Synthesis Settings
  4. Parallel Compilation
  5. Analysis & Synthesis Source Files Read
  6. Analysis & Synthesis Resource Usage Summary
  7. Analysis & Synthesis Resource Utilization by Entity
  8. State Machine - |top|encoder:u_encoder|c_state
  9. State Machine - |top|alu:u_alu|calc_res_q
 10. State Machine - |top|alu:u_alu|divider:u_divider|c_state
 11. State Machine - |top|alu:u_alu|booth:u_booth|c_state
 12. State Machine - |top|alu:u_alu|shift_add_multi:u_shift_add_multi|c_state
 13. State Machine - |top|alu:u_alu|substraction:u_substraction|c_state
 14. State Machine - |top|alu:u_alu|add:u_add|c_state
 15. State Machine - |top|decoder:u_decoder|c_state
 16. State Machine - |top|uart:u_uart|tx:u_tx|c_state
 17. State Machine - |top|uart:u_uart|rx:u_rx|c_state
 18. Registers Removed During Synthesis
 19. Removed Registers Triggering Further Register Optimizations
 20. General Register Statistics
 21. Inverted Register Statistics
 22. Multiplexer Restructuring Statistics (Restructuring Performed)
 23. Parameter Settings for User Entity Instance: uart:u_uart|rx:u_rx
 24. Parameter Settings for User Entity Instance: uart:u_uart|tx:u_tx
 25. Port Connectivity Checks: "encoder:u_encoder"
 26. Port Connectivity Checks: "alu:u_alu|divider:u_divider"
 27. Port Connectivity Checks: "uart:u_uart"
 28. Elapsed Time Per Partition
 29. Analysis & Synthesis Messages



----------------
; Legal Notice ;
----------------
Copyright (C) 1991-2013 Altera Corporation
Your use of Altera Corporation's design tools, logic functions 
and other software and tools, and its AMPP partner logic 
functions, and any output files from any of the foregoing 
(including device programming or simulation files), and any 
associated documentation or information are expressly subject 
to the terms and conditions of the Altera Program License 
Subscription Agreement, Altera MegaCore Function License 
Agreement, or other applicable license agreement, including, 
without limitation, that your use is for the sole purpose of 
programming logic devices manufactured by Altera and sold by 
Altera or its authorized distributors.  Please refer to the 
applicable agreement for further details.



+---------------------------------------------------------------------------------+
; Analysis & Synthesis Summary                                                    ;
+------------------------------------+--------------------------------------------+
; Analysis & Synthesis Status        ; Successful - Thu Aug 24 16:24:24 2023      ;
; Quartus II 64-Bit Version          ; 13.1.0 Build 162 10/23/2013 SJ Web Edition ;
; Revision Name                      ; top                                        ;
; Top-level Entity Name              ; top                                        ;
; Family                             ; Cyclone IV E                               ;
; Total logic elements               ; 737                                        ;
;     Total combinational functions  ; 645                                        ;
;     Dedicated logic registers      ; 487                                        ;
; Total registers                    ; 487                                        ;
; Total pins                         ; 4                                          ;
; Total virtual pins                 ; 0                                          ;
; Total memory bits                  ; 0                                          ;
; Embedded Multiplier 9-bit elements ; 0                                          ;
; Total PLLs                         ; 0                                          ;
+------------------------------------+--------------------------------------------+


+----------------------------------------------------------------------------------------------------------------------+
; Analysis & Synthesis Settings                                                                                        ;
+----------------------------------------------------------------------------+--------------------+--------------------+
; Option                                                                     ; Setting            ; Default Value      ;
+----------------------------------------------------------------------------+--------------------+--------------------+
; Device                                                                     ; EP4CE115F29C7      ;                    ;
; Top-level entity name                                                      ; top                ; top                ;
; Family name                                                                ; Cyclone IV E       ; Cyclone IV GX      ;
; Use smart compilation                                                      ; Off                ; Off                ;
; Enable parallel Assembler and TimeQuest Timing Analyzer during compilation ; On                 ; On                 ;
; Enable compact report table                                                ; Off                ; Off                ;
; Restructure Multiplexers                                                   ; Auto               ; Auto               ;
; Create Debugging Nodes for IP Cores                                        ; Off                ; Off                ;
; Preserve fewer node names                                                  ; On                 ; On                 ;
; Disable OpenCore Plus hardware evaluation                                  ; Off                ; Off                ;
; Verilog Version                                                            ; Verilog_2001       ; Verilog_2001       ;
; VHDL Version                                                               ; VHDL_1993          ; VHDL_1993          ;
; State Machine Processing                                                   ; Auto               ; Auto               ;
; Safe State Machine                                                         ; Off                ; Off                ;
; Extract Verilog State Machines                                             ; On                 ; On                 ;
; Extract VHDL State Machines                                                ; On                 ; On                 ;
; Ignore Verilog initial constructs                                          ; Off                ; Off                ;
; Iteration limit for constant Verilog loops                                 ; 5000               ; 5000               ;
; Iteration limit for non-constant Verilog loops                             ; 250                ; 250                ;
; Add Pass-Through Logic to Inferred RAMs                                    ; On                 ; On                 ;
; Infer RAMs from Raw Logic                                                  ; On                 ; On                 ;
; Parallel Synthesis                                                         ; On                 ; On                 ;
; DSP Block Balancing                                                        ; Auto               ; Auto               ;
; NOT Gate Push-Back                                                         ; On                 ; On                 ;
; Power-Up Don't Care                                                        ; On                 ; On                 ;
; Remove Redundant Logic Cells                                               ; Off                ; Off                ;
; Remove Duplicate Registers                                                 ; On                 ; On                 ;
; Ignore CARRY Buffers                                                       ; Off                ; Off                ;
; Ignore CASCADE Buffers                                                     ; Off                ; Off                ;
; Ignore GLOBAL Buffers                                                      ; Off                ; Off                ;
; Ignore ROW GLOBAL Buffers                                                  ; Off                ; Off                ;
; Ignore LCELL Buffers                                                       ; Off                ; Off                ;
; Ignore SOFT Buffers                                                        ; On                 ; On                 ;
; Limit AHDL Integers to 32 Bits                                             ; Off                ; Off                ;
; Optimization Technique                                                     ; Balanced           ; Balanced           ;
; Carry Chain Length                                                         ; 70                 ; 70                 ;
; Auto Carry Chains                                                          ; On                 ; On                 ;
; Auto Open-Drain Pins                                                       ; On                 ; On                 ;
; Perform WYSIWYG Primitive Resynthesis                                      ; Off                ; Off                ;
; Auto ROM Replacement                                                       ; On                 ; On                 ;
; Auto RAM Replacement                                                       ; On                 ; On                 ;
; Auto DSP Block Replacement                                                 ; On                 ; On                 ;
; Auto Shift Register Replacement                                            ; Auto               ; Auto               ;
; Allow Shift Register Merging across Hierarchies                            ; Auto               ; Auto               ;
; Auto Clock Enable Replacement                                              ; On                 ; On                 ;
; Strict RAM Replacement                                                     ; Off                ; Off                ;
; Allow Synchronous Control Signals                                          ; On                 ; On                 ;
; Force Use of Synchronous Clear Signals                                     ; Off                ; Off                ;
; Auto RAM Block Balancing                                                   ; On                 ; On                 ;
; Auto RAM to Logic Cell Conversion                                          ; Off                ; Off                ;
; Auto Resource Sharing                                                      ; Off                ; Off                ;
; Allow Any RAM Size For Recognition                                         ; Off                ; Off                ;
; Allow Any ROM Size For Recognition                                         ; Off                ; Off                ;
; Allow Any Shift Register Size For Recognition                              ; Off                ; Off                ;
; Use LogicLock Constraints during Resource Balancing                        ; On                 ; On                 ;
; Ignore translate_off and synthesis_off directives                          ; Off                ; Off                ;
; Timing-Driven Synthesis                                                    ; On                 ; On                 ;
; Report Parameter Settings                                                  ; On                 ; On                 ;
; Report Source Assignments                                                  ; On                 ; On                 ;
; Report Connectivity Checks                                                 ; On                 ; On                 ;
; Ignore Maximum Fan-Out Assignments                                         ; Off                ; Off                ;
; Synchronization Register Chain Length                                      ; 2                  ; 2                  ;
; PowerPlay Power Optimization                                               ; Normal compilation ; Normal compilation ;
; HDL message level                                                          ; Level2             ; Level2             ;
; Suppress Register Optimization Related Messages                            ; Off                ; Off                ;
; Number of Removed Registers Reported in Synthesis Report                   ; 5000               ; 5000               ;
; Number of Swept Nodes Reported in Synthesis Report                         ; 5000               ; 5000               ;
; Number of Inverted Registers Reported in Synthesis Report                  ; 100                ; 100                ;
; Clock MUX Protection                                                       ; On                 ; On                 ;
; Auto Gated Clock Conversion                                                ; Off                ; Off                ;
; Block Design Naming                                                        ; Auto               ; Auto               ;
; SDC constraint protection                                                  ; Off                ; Off                ;
; Synthesis Effort                                                           ; Auto               ; Auto               ;
; Shift Register Replacement - Allow Asynchronous Clear Signal               ; On                 ; On                 ;
; Pre-Mapping Resynthesis Optimization                                       ; Off                ; Off                ;
; Analysis & Synthesis Message Level                                         ; Medium             ; Medium             ;
; Disable Register Merging Across Hierarchies                                ; Auto               ; Auto               ;
; Resource Aware Inference For Block RAM                                     ; On                 ; On                 ;
; Synthesis Seed                                                             ; 1                  ; 1                  ;
+----------------------------------------------------------------------------+--------------------+--------------------+


+------------------------------------------+
; Parallel Compilation                     ;
+----------------------------+-------------+
; Processors                 ; Number      ;
+----------------------------+-------------+
; Number detected on machine ; 12          ;
; Maximum allowed            ; 10          ;
;                            ;             ;
; Average used               ; 1.00        ;
; Maximum used               ; 8           ;
;                            ;             ;
; Usage by Processor         ; % Time Used ;
;     Processor 1            ; 100.0%      ;
;     Processors 2-8         ; < 0.1%      ;
;     Processors 9-12        ;   0.0%      ;
+----------------------------+-------------+


+----------------------------------------------------------------------------------------------------------------------------------------------------+
; Analysis & Synthesis Source Files Read                                                                                                             ;
+----------------------------------+-----------------+------------------------+------------------------------------------------------------+---------+
; File Name with User-Entered Path ; Used in Netlist ; File Type              ; File Name with Absolute Path                               ; Library ;
+----------------------------------+-----------------+------------------------+------------------------------------------------------------+---------+
; ../src/rtl/uart.v                ; yes             ; User Verilog HDL File  ; C:/summer_bootcamp_2023/UART_CAL/src/rtl/uart.v            ;         ;
; ../src/rtl/tx.v                  ; yes             ; User Verilog HDL File  ; C:/summer_bootcamp_2023/UART_CAL/src/rtl/tx.v              ;         ;
; ../src/rtl/top.v                 ; yes             ; User Verilog HDL File  ; C:/summer_bootcamp_2023/UART_CAL/src/rtl/top.v             ;         ;
; ../src/rtl/substraction.v        ; yes             ; User Verilog HDL File  ; C:/summer_bootcamp_2023/UART_CAL/src/rtl/substraction.v    ;         ;
; ../src/rtl/shift_add_multi.v     ; yes             ; User Verilog HDL File  ; C:/summer_bootcamp_2023/UART_CAL/src/rtl/shift_add_multi.v ;         ;
; ../src/rtl/rx.v                  ; yes             ; User Verilog HDL File  ; C:/summer_bootcamp_2023/UART_CAL/src/rtl/rx.v              ;         ;
; ../src/rtl/encoder.v             ; yes             ; User Verilog HDL File  ; C:/summer_bootcamp_2023/UART_CAL/src/rtl/encoder.v         ;         ;
; ../src/rtl/divider.v             ; yes             ; User Verilog HDL File  ; C:/summer_bootcamp_2023/UART_CAL/src/rtl/divider.v         ;         ;
; ../src/rtl/decoder.v             ; yes             ; User Verilog HDL File  ; C:/summer_bootcamp_2023/UART_CAL/src/rtl/decoder.v         ;         ;
; ../src/rtl/booth.v               ; yes             ; User Verilog HDL File  ; C:/summer_bootcamp_2023/UART_CAL/src/rtl/booth.v           ;         ;
; ../src/rtl/alu.v                 ; yes             ; User Verilog HDL File  ; C:/summer_bootcamp_2023/UART_CAL/src/rtl/alu.v             ;         ;
; ../src/rtl/add.v                 ; yes             ; User Verilog HDL File  ; C:/summer_bootcamp_2023/UART_CAL/src/rtl/add.v             ;         ;
+----------------------------------+-----------------+------------------------+------------------------------------------------------------+---------+


+---------------------------------------------------------+
; Analysis & Synthesis Resource Usage Summary             ;
+---------------------------------------------+-----------+
; Resource                                    ; Usage     ;
+---------------------------------------------+-----------+
; Estimated Total logic elements              ; 737       ;
;                                             ;           ;
; Total combinational functions               ; 645       ;
; Logic element usage by number of LUT inputs ;           ;
;     -- 4 input functions                    ; 221       ;
;     -- 3 input functions                    ; 250       ;
;     -- <=2 input functions                  ; 174       ;
;                                             ;           ;
; Logic elements by mode                      ;           ;
;     -- normal mode                          ; 438       ;
;     -- arithmetic mode                      ; 207       ;
;                                             ;           ;
; Total registers                             ; 487       ;
;     -- Dedicated logic registers            ; 487       ;
;     -- I/O registers                        ; 0         ;
;                                             ;           ;
; I/O pins                                    ; 4         ;
; Embedded Multiplier 9-bit elements          ; 0         ;
; Maximum fan-out node                        ; clk~input ;
; Maximum fan-out                             ; 487       ;
; Total fan-out                               ; 3905      ;
; Average fan-out                             ; 3.43      ;
+---------------------------------------------+-----------+


+-------------------------------------------------------------------------------------------------------------------------------------------------------------------------------------------------------------------------+
; Analysis & Synthesis Resource Utilization by Entity                                                                                                                                                                     ;
+-------------------------------------------+-------------------+--------------+-------------+--------------+---------+-----------+------+--------------+--------------------------------------------------+--------------+
; Compilation Hierarchy Node                ; LC Combinationals ; LC Registers ; Memory Bits ; DSP Elements ; DSP 9x9 ; DSP 18x18 ; Pins ; Virtual Pins ; Full Hierarchy Name                              ; Library Name ;
+-------------------------------------------+-------------------+--------------+-------------+--------------+---------+-----------+------+--------------+--------------------------------------------------+--------------+
; |top                                      ; 645 (0)           ; 487 (0)      ; 0           ; 0            ; 0       ; 0         ; 4    ; 0            ; |top                                             ; work         ;
;    |alu:u_alu|                            ; 348 (17)          ; 302 (8)      ; 0           ; 0            ; 0       ; 0         ; 0    ; 0            ; |top|alu:u_alu                                   ; work         ;
;       |add:u_add|                         ; 19 (19)           ; 20 (20)      ; 0           ; 0            ; 0       ; 0         ; 0    ; 0            ; |top|alu:u_alu|add:u_add                         ; work         ;
;       |booth:u_booth|                     ; 90 (90)           ; 81 (81)      ; 0           ; 0            ; 0       ; 0         ; 0    ; 0            ; |top|alu:u_alu|booth:u_booth                     ; work         ;
;       |divider:u_divider|                 ; 79 (79)           ; 75 (75)      ; 0           ; 0            ; 0       ; 0         ; 0    ; 0            ; |top|alu:u_alu|divider:u_divider                 ; work         ;
;       |shift_add_multi:u_shift_add_multi| ; 108 (108)         ; 100 (100)    ; 0           ; 0            ; 0       ; 0         ; 0    ; 0            ; |top|alu:u_alu|shift_add_multi:u_shift_add_multi ; work         ;
;       |substraction:u_substraction|       ; 35 (35)           ; 18 (18)      ; 0           ; 0            ; 0       ; 0         ; 0    ; 0            ; |top|alu:u_alu|substraction:u_substraction       ; work         ;
;    |decoder:u_decoder|                    ; 48 (48)           ; 61 (61)      ; 0           ; 0            ; 0       ; 0         ; 0    ; 0            ; |top|decoder:u_decoder                           ; work         ;
;    |encoder:u_encoder|                    ; 160 (160)         ; 61 (61)      ; 0           ; 0            ; 0       ; 0         ; 0    ; 0            ; |top|encoder:u_encoder                           ; work         ;
;    |uart:u_uart|                          ; 89 (0)            ; 63 (0)       ; 0           ; 0            ; 0       ; 0         ; 0    ; 0            ; |top|uart:u_uart                                 ; work         ;
;       |rx:u_rx|                           ; 40 (40)           ; 31 (31)      ; 0           ; 0            ; 0       ; 0         ; 0    ; 0            ; |top|uart:u_uart|rx:u_rx                         ; work         ;
;       |tx:u_tx|                           ; 49 (49)           ; 32 (32)      ; 0           ; 0            ; 0       ; 0         ; 0    ; 0            ; |top|uart:u_uart|tx:u_tx                         ; work         ;
+-------------------------------------------+-------------------+--------------+-------------+--------------+---------+-----------+------+--------------+--------------------------------------------------+--------------+
Note: For table entries with two numbers listed, the numbers in parentheses indicate the number of resources of the given type used by the specific entity alone. The numbers listed outside of parentheses indicate the total resources of the given type used by the specific entity and all of its sub-entities in the hierarchy.


Encoding Type:  One-Hot
+-----------------------------------------------------------+
; State Machine - |top|encoder:u_encoder|c_state            ;
+--------------+--------------+--------------+--------------+
; Name         ; c_state.IDLE ; c_state.STOP ; c_state.DATA ;
+--------------+--------------+--------------+--------------+
; c_state.IDLE ; 0            ; 0            ; 0            ;
; c_state.DATA ; 1            ; 0            ; 1            ;
; c_state.STOP ; 1            ; 1            ; 0            ;
+--------------+--------------+--------------+--------------+


Encoding Type:  One-Hot
+-----------------------------------------------------------------------------------------------------------------------------------------------------------------------------------+
; State Machine - |top|alu:u_alu|calc_res_q                                                                                                                                         ;
+-----------------+-----------------+-----------------+-----------------+-----------------+-----------------+-----------------+-----------------+-----------------+-----------------+
; Name            ; calc_res_q.0111 ; calc_res_q.0110 ; calc_res_q.0101 ; calc_res_q.0100 ; calc_res_q.0011 ; calc_res_q.0010 ; calc_res_q.0001 ; calc_res_q.0000 ; calc_res_q.1000 ;
+-----------------+-----------------+-----------------+-----------------+-----------------+-----------------+-----------------+-----------------+-----------------+-----------------+
; calc_res_q.0000 ; 0               ; 0               ; 0               ; 0               ; 0               ; 0               ; 0               ; 0               ; 0               ;
; calc_res_q.0001 ; 0               ; 0               ; 0               ; 0               ; 0               ; 0               ; 1               ; 1               ; 0               ;
; calc_res_q.0010 ; 0               ; 0               ; 0               ; 0               ; 0               ; 1               ; 0               ; 1               ; 0               ;
; calc_res_q.0011 ; 0               ; 0               ; 0               ; 0               ; 1               ; 0               ; 0               ; 1               ; 0               ;
; calc_res_q.0100 ; 0               ; 0               ; 0               ; 1               ; 0               ; 0               ; 0               ; 1               ; 0               ;
; calc_res_q.0101 ; 0               ; 0               ; 1               ; 0               ; 0               ; 0               ; 0               ; 1               ; 0               ;
; calc_res_q.0110 ; 0               ; 1               ; 0               ; 0               ; 0               ; 0               ; 0               ; 1               ; 0               ;
; calc_res_q.0111 ; 1               ; 0               ; 0               ; 0               ; 0               ; 0               ; 0               ; 1               ; 0               ;
; calc_res_q.1000 ; 0               ; 0               ; 0               ; 0               ; 0               ; 0               ; 0               ; 1               ; 1               ;
+-----------------+-----------------+-----------------+-----------------+-----------------+-----------------+-----------------+-----------------+-----------------+-----------------+


Encoding Type:  One-Hot
+-----------------------------------------------------------+
; State Machine - |top|alu:u_alu|divider:u_divider|c_state  ;
+--------------+--------------+--------------+--------------+
; Name         ; c_state.IDLE ; c_state.STOP ; c_state.DATA ;
+--------------+--------------+--------------+--------------+
; c_state.IDLE ; 0            ; 0            ; 0            ;
; c_state.DATA ; 1            ; 0            ; 1            ;
; c_state.STOP ; 1            ; 1            ; 0            ;
+--------------+--------------+--------------+--------------+


Encoding Type:  One-Hot
+-----------------------------------------------------------+
; State Machine - |top|alu:u_alu|booth:u_booth|c_state      ;
+--------------+--------------+--------------+--------------+
; Name         ; c_state.IDLE ; c_state.STOP ; c_state.DATA ;
+--------------+--------------+--------------+--------------+
; c_state.IDLE ; 0            ; 0            ; 0            ;
; c_state.DATA ; 1            ; 0            ; 1            ;
; c_state.STOP ; 1            ; 1            ; 0            ;
+--------------+--------------+--------------+--------------+


Encoding Type:  One-Hot
+--------------------------------------------------------------------------+
; State Machine - |top|alu:u_alu|shift_add_multi:u_shift_add_multi|c_state ;
+--------------+--------------+--------------+-----------------------------+
; Name         ; c_state.IDLE ; c_state.STOP ; c_state.DATA                ;
+--------------+--------------+--------------+-----------------------------+
; c_state.IDLE ; 0            ; 0            ; 0                           ;
; c_state.DATA ; 1            ; 0            ; 1                           ;
; c_state.STOP ; 1            ; 1            ; 0                           ;
+--------------+--------------+--------------+-----------------------------+


Encoding Type:  One-Hot
+--------------------------------------------------------------------+
; State Machine - |top|alu:u_alu|substraction:u_substraction|c_state ;
+--------------+--------------+--------------+-----------------------+
; Name         ; c_state.IDLE ; c_state.STOP ; c_state.DATA          ;
+--------------+--------------+--------------+-----------------------+
; c_state.IDLE ; 0            ; 0            ; 0                     ;
; c_state.DATA ; 1            ; 0            ; 1                     ;
; c_state.STOP ; 1            ; 1            ; 0                     ;
+--------------+--------------+--------------+-----------------------+


Encoding Type:  One-Hot
+-----------------------------------------------------------+
; State Machine - |top|alu:u_alu|add:u_add|c_state          ;
+--------------+--------------+--------------+--------------+
; Name         ; c_state.IDLE ; c_state.STOP ; c_state.DATA ;
+--------------+--------------+--------------+--------------+
; c_state.IDLE ; 0            ; 0            ; 0            ;
; c_state.DATA ; 1            ; 0            ; 1            ;
; c_state.STOP ; 1            ; 1            ; 0            ;
+--------------+--------------+--------------+--------------+


Encoding Type:  One-Hot
+-----------------------------------------------------------------------------------------------------------------------------------------------------------------+
; State Machine - |top|decoder:u_decoder|c_state                                                                                                                  ;
+----------------------+----------------+----------------------+---------------+-------------------+---------------+--------------+----------------+--------------+
; Name                 ; c_state.RESULT ; c_state.END_PROTOCOL ; c_state.DATA2 ; c_state.OPERATION ; c_state.DATA1 ; c_state.TYPE ; c_state.FORMAT ; c_state.IDLE ;
+----------------------+----------------+----------------------+---------------+-------------------+---------------+--------------+----------------+--------------+
; c_state.IDLE         ; 0              ; 0                    ; 0             ; 0                 ; 0             ; 0            ; 0              ; 0            ;
; c_state.FORMAT       ; 0              ; 0                    ; 0             ; 0                 ; 0             ; 0            ; 1              ; 1            ;
; c_state.TYPE         ; 0              ; 0                    ; 0             ; 0                 ; 0             ; 1            ; 0              ; 1            ;
; c_state.DATA1        ; 0              ; 0                    ; 0             ; 0                 ; 1             ; 0            ; 0              ; 1            ;
; c_state.OPERATION    ; 0              ; 0                    ; 0             ; 1                 ; 0             ; 0            ; 0              ; 1            ;
; c_state.DATA2        ; 0              ; 0                    ; 1             ; 0                 ; 0             ; 0            ; 0              ; 1            ;
; c_state.END_PROTOCOL ; 0              ; 1                    ; 0             ; 0                 ; 0             ; 0            ; 0              ; 1            ;
; c_state.RESULT       ; 1              ; 0                    ; 0             ; 0                 ; 0             ; 0            ; 0              ; 1            ;
+----------------------+----------------+----------------------+---------------+-------------------+---------------+--------------+----------------+--------------+


Encoding Type:  One-Hot
+----------------------------------------------------------------------------+
; State Machine - |top|uart:u_uart|tx:u_tx|c_state                           ;
+---------------+--------------+--------------+---------------+--------------+
; Name          ; c_state.STOP ; c_state.DATA ; c_state.START ; c_state.IDLE ;
+---------------+--------------+--------------+---------------+--------------+
; c_state.IDLE  ; 0            ; 0            ; 0             ; 0            ;
; c_state.START ; 0            ; 0            ; 1             ; 1            ;
; c_state.DATA  ; 0            ; 1            ; 0             ; 1            ;
; c_state.STOP  ; 1            ; 0            ; 0             ; 1            ;
+---------------+--------------+--------------+---------------+--------------+


Encoding Type:  One-Hot
+-----------------------------------------------------------+
; State Machine - |top|uart:u_uart|rx:u_rx|c_state          ;
+--------------+--------------+--------------+--------------+
; Name         ; c_state.IDLE ; c_state.STOP ; c_state.DATA ;
+--------------+--------------+--------------+--------------+
; c_state.IDLE ; 0            ; 0            ; 0            ;
; c_state.DATA ; 1            ; 0            ; 1            ;
; c_state.STOP ; 1            ; 1            ; 0            ;
+--------------+--------------+--------------+--------------+


+---------------------------------------------------------------------------------------------------------------------------+
; Registers Removed During Synthesis                                                                                        ;
+----------------------------------------------------------+----------------------------------------------------------------+
; Register name                                            ; Reason for Removal                                             ;
+----------------------------------------------------------+----------------------------------------------------------------+
; alu:u_alu|add:u_add|calc_res[17..31]                     ; Stuck at GND due to stuck port data_in                         ;
; encoder:u_encoder|tx_data[4]                             ; Merged with encoder:u_encoder|tx_data[5]                       ;
; alu:u_alu|add:u_add|d1                                   ; Merged with alu:u_alu|divider:u_divider|d1                     ;
; alu:u_alu|substraction:u_substraction|d1                 ; Merged with alu:u_alu|divider:u_divider|d1                     ;
; alu:u_alu|shift_add_multi:u_shift_add_multi|d1           ; Merged with alu:u_alu|divider:u_divider|d1                     ;
; alu:u_alu|booth:u_booth|d1                               ; Merged with alu:u_alu|divider:u_divider|d1                     ;
; alu:u_alu|add:u_add|d2                                   ; Merged with alu:u_alu|divider:u_divider|d2                     ;
; alu:u_alu|substraction:u_substraction|d2                 ; Merged with alu:u_alu|divider:u_divider|d2                     ;
; alu:u_alu|shift_add_multi:u_shift_add_multi|d2           ; Merged with alu:u_alu|divider:u_divider|d2                     ;
; alu:u_alu|booth:u_booth|d2                               ; Merged with alu:u_alu|divider:u_divider|d2                     ;
; alu:u_alu|substraction:u_substraction|calc_res[17..30]   ; Merged with alu:u_alu|substraction:u_substraction|calc_res[31] ;
; decoder:u_decoder|dtype_q[2]                             ; Merged with decoder:u_decoder|dtype_q[3]                       ;
; decoder:u_decoder|operator_q[3]                          ; Merged with decoder:u_decoder|operator_q[4]                    ;
; alu:u_alu|shift_add_multi:u_shift_add_multi|sum_src1[32] ; Lost fanout                                                    ;
; alu:u_alu|booth:u_booth|calc_res[31]                     ; Merged with alu:u_alu|booth:u_booth|calc_res[30]               ;
; alu:u_alu|booth:u_booth|A[15]                            ; Merged with alu:u_alu|booth:u_booth|A[14]                      ;
; alu:u_alu|booth:u_booth|q0                               ; Merged with alu:u_alu|booth:u_booth|calc_res[0]                ;
; decoder:u_decoder|dtype_q[3]                             ; Stuck at GND due to stuck port data_in                         ;
; decoder:u_decoder|operator_q[4]                          ; Stuck at GND due to stuck port data_in                         ;
; encoder:u_encoder|tx_data[7]                             ; Stuck at GND due to stuck port data_in                         ;
; uart:u_uart|tx:u_tx|tx_data_q[7]                         ; Stuck at GND due to stuck port data_in                         ;
; alu:u_alu|calc_res_q~13                                  ; Lost fanout                                                    ;
; alu:u_alu|calc_res_q~14                                  ; Lost fanout                                                    ;
; alu:u_alu|calc_res_q~15                                  ; Lost fanout                                                    ;
; decoder:u_decoder|c_state~4                              ; Lost fanout                                                    ;
; decoder:u_decoder|c_state~5                              ; Lost fanout                                                    ;
; decoder:u_decoder|c_state~6                              ; Lost fanout                                                    ;
; uart:u_uart|tx:u_tx|c_state~4                            ; Lost fanout                                                    ;
; uart:u_uart|tx:u_tx|c_state~5                            ; Lost fanout                                                    ;
; alu:u_alu|calc_res_q.0000                                ; Lost fanout                                                    ;
; alu:u_alu|substraction:u_substraction|c_state.STOP       ; Merged with alu:u_alu|add:u_add|c_state.STOP                   ;
; alu:u_alu|substraction:u_substraction|c_state.DATA       ; Merged with alu:u_alu|add:u_add|c_state.DATA                   ;
; alu:u_alu|substraction:u_substraction|c_state.IDLE       ; Merged with alu:u_alu|add:u_add|c_state.IDLE                   ;
; Total Number of Removed Registers = 60                   ;                                                                ;
+----------------------------------------------------------+----------------------------------------------------------------+


+---------------------------------------------------------------------------------------------------+
; Removed Registers Triggering Further Register Optimizations                                       ;
+------------------------------+---------------------------+----------------------------------------+
; Register name                ; Reason for Removal        ; Registers Removed due to This Register ;
+------------------------------+---------------------------+----------------------------------------+
; encoder:u_encoder|tx_data[7] ; Stuck at GND              ; uart:u_uart|tx:u_tx|tx_data_q[7]       ;
;                              ; due to stuck port data_in ;                                        ;
+------------------------------+---------------------------+----------------------------------------+


+------------------------------------------------------+
; General Register Statistics                          ;
+----------------------------------------------+-------+
; Statistic                                    ; Value ;
+----------------------------------------------+-------+
; Total registers                              ; 487   ;
; Number of registers using Synchronous Clear  ; 42    ;
; Number of registers using Synchronous Load   ; 6     ;
; Number of registers using Asynchronous Clear ; 487   ;
; Number of registers using Asynchronous Load  ; 0     ;
; Number of registers using Clock Enable       ; 418   ;
; Number of registers using Preset             ; 0     ;
+----------------------------------------------+-------+


+--------------------------------------------------+
; Inverted Register Statistics                     ;
+----------------------------------------+---------+
; Inverted Register                      ; Fan out ;
+----------------------------------------+---------+
; uart:u_uart|tx:u_tx|txd                ; 2       ;
; Total number of inverted registers = 1 ;         ;
+----------------------------------------+---------+


+-----------------------------------------------------------------------------------------------------------------------------------------------------------------------------+
; Multiplexer Restructuring Statistics (Restructuring Performed)                                                                                                              ;
+--------------------+-----------+---------------+----------------------+------------------------+------------+---------------------------------------------------------------+
; Multiplexer Inputs ; Bus Width ; Baseline Area ; Area if Restructured ; Saving if Restructured ; Registered ; Example Multiplexer Output                                    ;
+--------------------+-----------+---------------+----------------------+------------------------+------------+---------------------------------------------------------------+
; 3:1                ; 32 bits   ; 64 LEs        ; 32 LEs               ; 32 LEs                 ; Yes        ; |top|alu:u_alu|divider:u_divider|sum_Q[10]                    ;
; 3:1                ; 16 bits   ; 32 LEs        ; 16 LEs               ; 16 LEs                 ; Yes        ; |top|alu:u_alu|booth:u_booth|sum_Q[0]                         ;
; 3:1                ; 4 bits    ; 8 LEs         ; 4 LEs                ; 4 LEs                  ; Yes        ; |top|decoder:u_decoder|cnt[1]                                 ;
; 3:1                ; 4 bits    ; 8 LEs         ; 4 LEs                ; 4 LEs                  ; Yes        ; |top|decoder:u_decoder|cnt2[0]                                ;
; 3:1                ; 4 bits    ; 8 LEs         ; 4 LEs                ; 4 LEs                  ; Yes        ; |top|encoder:u_encoder|cnt2[0]                                ;
; 3:1                ; 4 bits    ; 8 LEs         ; 4 LEs                ; 4 LEs                  ; Yes        ; |top|uart:u_uart|rx:u_rx|cnt2[3]                              ;
; 3:1                ; 4 bits    ; 8 LEs         ; 4 LEs                ; 4 LEs                  ; Yes        ; |top|uart:u_uart|tx:u_tx|cnt2[2]                              ;
; 3:1                ; 2 bits    ; 4 LEs         ; 2 LEs                ; 2 LEs                  ; Yes        ; |top|decoder:u_decoder|dtype_q[1]                             ;
; 3:1                ; 16 bits   ; 32 LEs        ; 16 LEs               ; 16 LEs                 ; Yes        ; |top|alu:u_alu|shift_add_multi:u_shift_add_multi|sum_src1[25] ;
; 3:1                ; 30 bits   ; 60 LEs        ; 30 LEs               ; 30 LEs                 ; Yes        ; |top|alu:u_alu|shift_add_multi:u_shift_add_multi|sum_src2[5]  ;
; 4:1                ; 5 bits    ; 10 LEs        ; 5 LEs                ; 5 LEs                  ; Yes        ; |top|alu:u_alu|divider:u_divider|cnt[2]                       ;
; 4:1                ; 16 bits   ; 32 LEs        ; 16 LEs               ; 16 LEs                 ; Yes        ; |top|alu:u_alu|booth:u_booth|cnt[6]                           ;
; 4:1                ; 17 bits   ; 34 LEs        ; 17 LEs               ; 17 LEs                 ; Yes        ; |top|alu:u_alu|shift_add_multi:u_shift_add_multi|cnt[8]       ;
; 4:1                ; 6 bits    ; 12 LEs        ; 6 LEs                ; 6 LEs                  ; Yes        ; |top|uart:u_uart|tx:u_tx|tx_data_q[4]                         ;
; 5:1                ; 3 bits    ; 9 LEs         ; 6 LEs                ; 3 LEs                  ; Yes        ; |top|decoder:u_decoder|operator_q[2]                          ;
; 129:1              ; 8 bits    ; 688 LEs       ; 80 LEs               ; 608 LEs                ; Yes        ; |top|decoder:u_decoder|src2_q[3]                              ;
; 10:1               ; 4 bits    ; 24 LEs        ; 16 LEs               ; 8 LEs                  ; Yes        ; |top|encoder:u_encoder|calc_res_q[0]                          ;
; 10:1               ; 15 bits   ; 90 LEs        ; 60 LEs               ; 30 LEs                 ; Yes        ; |top|encoder:u_encoder|calc_res_q[23]                         ;
; 10:1               ; 13 bits   ; 78 LEs        ; 52 LEs               ; 26 LEs                 ; Yes        ; |top|encoder:u_encoder|calc_res_q[16]                         ;
; 34:1               ; 8 bits    ; 176 LEs       ; 48 LEs               ; 128 LEs                ; No         ; |top|alu:u_alu|calc_res_q                                     ;
+--------------------+-----------+---------------+----------------------+------------------------+------------+---------------------------------------------------------------+


+------------------------------------------------------------------+
; Parameter Settings for User Entity Instance: uart:u_uart|rx:u_rx ;
+----------------+------------------+------------------------------+
; Parameter Name ; Value            ; Type                         ;
+----------------+------------------+------------------------------+
; CNTEND         ; 0000000110110010 ; Unsigned Binary              ;
+----------------+------------------+------------------------------+
Note: In order to hide this table in the UI and the text report file, please set the "Show Parameter Settings in Synthesis Report" option in "Analysis and Synthesis Settings -> More Settings" to "Off".


+------------------------------------------------------------------+
; Parameter Settings for User Entity Instance: uart:u_uart|tx:u_tx ;
+----------------+------------------+------------------------------+
; Parameter Name ; Value            ; Type                         ;
+----------------+------------------+------------------------------+
; CNTEND         ; 0000000110110010 ; Unsigned Binary              ;
+----------------+------------------+------------------------------+
Note: In order to hide this table in the UI and the text report file, please set the "Show Parameter Settings in Synthesis Report" option in "Analysis and Synthesis Settings -> More Settings" to "Off".


+---------------------------------------------------------------------------------------------------------------------------------------------------------------------------------+
; Port Connectivity Checks: "encoder:u_encoder"                                                                                                                                   ;
+--------------+--------+----------+----------------------------------------------------------------------------------------------------------------------------------------------+
; Port         ; Type   ; Severity ; Details                                                                                                                                      ;
+--------------+--------+----------+----------------------------------------------------------------------------------------------------------------------------------------------+
; uout_control ; Output ; Info     ; Connected to dangling logic. Logic that only feeds a dangling port will be removed.                                                          ;
; parser_done  ; Input  ; Warning  ; Declared by entity but not connected by instance. If a default value exists, it will be used.  Otherwise, the port will be connected to GND. ;
+--------------+--------+----------+----------------------------------------------------------------------------------------------------------------------------------------------+


+------------------------------------------------------------------------------------------------------------------------------------------------------------------+
; Port Connectivity Checks: "alu:u_alu|divider:u_divider"                                                                                                          ;
+-----------+--------+----------+----------------------------------------------------------------------------------------------------------------------------------+
; Port      ; Type   ; Severity ; Details                                                                                                                          ;
+-----------+--------+----------+----------------------------------------------------------------------------------------------------------------------------------+
; R_product ; Output ; Warning  ; Output or bidir port (17 bits) is wider than the port expression (16 bits) it drives; bit(s) "R_product[16..16]" have no fanouts ;
+-----------+--------+----------+----------------------------------------------------------------------------------------------------------------------------------+


+--------------------------------------------------------------------------------------------------------------------+
; Port Connectivity Checks: "uart:u_uart"                                                                            ;
+----------+--------+----------+-------------------------------------------------------------------------------------+
; Port     ; Type   ; Severity ; Details                                                                             ;
+----------+--------+----------+-------------------------------------------------------------------------------------+
; tx_valid ; Output ; Info     ; Connected to dangling logic. Logic that only feeds a dangling port will be removed. ;
+----------+--------+----------+-------------------------------------------------------------------------------------+


+-------------------------------+
; Elapsed Time Per Partition    ;
+----------------+--------------+
; Partition Name ; Elapsed Time ;
+----------------+--------------+
; Top            ; 00:00:01     ;
+----------------+--------------+


+-------------------------------+
; Analysis & Synthesis Messages ;
+-------------------------------+
Info: *******************************************************************
Info: Running Quartus II 64-Bit Analysis & Synthesis
    Info: Version 13.1.0 Build 162 10/23/2013 SJ Web Edition
    Info: Processing started: Thu Aug 24 16:24:22 2023
Info: Command: quartus_map --read_settings_files=on --write_settings_files=off top -c top
Info (11104): Parallel Compilation has detected 12 hyper-threaded processors. However, the extra hyper-threaded processors will not be used by default. Parallel Compilation will use 10 of the 10 physical processors detected instead.
Info (12021): Found 1 design units, including 1 entities, in source file /summer_bootcamp_2023/uart_cal/src/rtl/uart.v
    Info (12023): Found entity 1: uart
Info (12021): Found 1 design units, including 1 entities, in source file /summer_bootcamp_2023/uart_cal/src/rtl/tx.v
    Info (12023): Found entity 1: tx
Info (12021): Found 1 design units, including 1 entities, in source file /summer_bootcamp_2023/uart_cal/src/rtl/top.v
    Info (12023): Found entity 1: top
Info (12021): Found 1 design units, including 1 entities, in source file /summer_bootcamp_2023/uart_cal/src/rtl/substraction.v
    Info (12023): Found entity 1: substraction
Info (12021): Found 1 design units, including 1 entities, in source file /summer_bootcamp_2023/uart_cal/src/rtl/shift_add_multi.v
    Info (12023): Found entity 1: shift_add_multi
Info (12021): Found 1 design units, including 1 entities, in source file /summer_bootcamp_2023/uart_cal/src/rtl/rx.v
    Info (12023): Found entity 1: rx
Info (12021): Found 1 design units, including 1 entities, in source file /summer_bootcamp_2023/uart_cal/src/rtl/encoder.v
    Info (12023): Found entity 1: encoder
Info (12021): Found 1 design units, including 1 entities, in source file /summer_bootcamp_2023/uart_cal/src/rtl/divider.v
    Info (12023): Found entity 1: divider
Info (12021): Found 1 design units, including 1 entities, in source file /summer_bootcamp_2023/uart_cal/src/rtl/decoder.v
    Info (12023): Found entity 1: decoder
Info (12021): Found 1 design units, including 1 entities, in source file /summer_bootcamp_2023/uart_cal/src/rtl/booth.v
    Info (12023): Found entity 1: booth
Info (12021): Found 1 design units, including 1 entities, in source file /summer_bootcamp_2023/uart_cal/src/rtl/alu.v
    Info (12023): Found entity 1: alu
Info (12021): Found 1 design units, including 1 entities, in source file /summer_bootcamp_2023/uart_cal/src/rtl/add.v
    Info (12023): Found entity 1: add
Info (12127): Elaborating entity "top" for the top level hierarchy
Info (12128): Elaborating entity "uart" for hierarchy "uart:u_uart"
Info (12128): Elaborating entity "rx" for hierarchy "uart:u_uart|rx:u_rx"
Info (12128): Elaborating entity "tx" for hierarchy "uart:u_uart|tx:u_tx"
Info (12128): Elaborating entity "decoder" for hierarchy "decoder:u_decoder"
Warning (10036): Verilog HDL or VHDL warning at decoder.v(291): object "END_PROTOCOL_q" assigned a value but never read
Info (12128): Elaborating entity "alu" for hierarchy "alu:u_alu"
Warning (10036): Verilog HDL or VHDL warning at alu.v(27): object "add_done_q" assigned a value but never read
Warning (10036): Verilog HDL or VHDL warning at alu.v(28): object "substraction_done_q" assigned a value but never read
Warning (10036): Verilog HDL or VHDL warning at alu.v(29): object "multi_done_q" assigned a value but never read
Warning (10036): Verilog HDL or VHDL warning at alu.v(30): object "booth_done_q" assigned a value but never read
Warning (10036): Verilog HDL or VHDL warning at alu.v(31): object "divider_done_q" assigned a value but never read
Warning (10036): Verilog HDL or VHDL warning at alu.v(32): object "signdivider_done_q" assigned a value but never read
Warning (10858): Verilog HDL warning at alu.v(39): object signdivider_done used but never assigned
Warning (10858): Verilog HDL warning at alu.v(213): object calc_res_signdivider used but never assigned
Warning (10030): Net "calc_res_signdivider" at alu.v(213) has no driver or initial value, using a default initial value '0'
Warning (10030): Net "signdivider_done" at alu.v(39) has no driver or initial value, using a default initial value '0'
Info (12128): Elaborating entity "add" for hierarchy "alu:u_alu|add:u_add"
Info (12128): Elaborating entity "substraction" for hierarchy "alu:u_alu|substraction:u_substraction"
Info (12128): Elaborating entity "shift_add_multi" for hierarchy "alu:u_alu|shift_add_multi:u_shift_add_multi"
Warning (10230): Verilog HDL assignment warning at shift_add_multi.v(85): truncated value with size 33 to match size of target (32)
Info (12128): Elaborating entity "booth" for hierarchy "alu:u_alu|booth:u_booth"
Info (12128): Elaborating entity "divider" for hierarchy "alu:u_alu|divider:u_divider"
Info (12128): Elaborating entity "encoder" for hierarchy "encoder:u_encoder"
Warning (12241): 2 hierarchies have connectivity warnings - see the Connectivity Checks report folder
Info (13000): Registers with preset signals will power-up high
Info (13003): DEV_CLRn pin will set, and not reset, register with preset signal due to NOT Gate Push-Back
Info (286030): Timing-Driven Synthesis is running
Info (17049): 10 registers lost all their fanouts during netlist optimizations.
Info (16010): Generating hard_block partition "hard_block:auto_generated_inst"
    Info (16011): Adding 0 node(s), including 0 DDIO, 0 PLL, 0 transceiver and 0 LCELL
Info (21057): Implemented 747 device resources after synthesis - the final resource count might be different
    Info (21058): Implemented 3 input pins
    Info (21059): Implemented 1 output pins
    Info (21061): Implemented 743 logic cells
Info: Quartus II 64-Bit Analysis & Synthesis was successful. 0 errors, 13 warnings
    Info: Peak virtual memory: 4672 megabytes
    Info: Processing ended: Thu Aug 24 16:24:24 2023
    Info: Elapsed time: 00:00:02
    Info: Total CPU time (on all processors): 00:00:01


